******************************************************************************
               TMS320C6x Linker PC v7.4.4                      
******************************************************************************
>> Linked Mon Oct 22 21:57:58 2018

OUTPUT FILE NAME:   <LafayetteTry.out>
ENTRY POINT SYMBOL: "_c_int00"  address: 11801680


MEMORY CONFIGURATION

         name            origin    length      used     unused   attr    fill
----------------------  --------  ---------  --------  --------  ----  --------
  VECTORS               11800000   00000200  00000200  00000000  RWIX
  DSPRAM                11800200   0003fe00  00001b68  0003e298  RWIX
  SHAREDRAM             80000000   00020000  00000000  00020000  RWIX
  SDRAM                 c0000000   08000000  00000000  08000000  RWIX


SECTION ALLOCATION MAP

 output                                  attributes/
section   page    origin      length       input sections
--------  ----  ----------  ----------   ----------------
vectors    0    11800000    00000200     
                  11800000    00000200     vectors.obj (vectors)

.text      0    11800200    00001600     
                  11800200    00000dc0     LCDK_Support_DSP.obj (.text)
                  11800fc0    00000340     ISRs.obj (.text:retain)
                  11801300    000000c0     rts6740.lib : autoinit.obj (.text:__auto_init)
                  118013c0    000000c0                 : divu.obj (.text:__divu)
                  11801480    000000c0                 : exit.obj (.text:_exit)
                  11801540    000000a0                 : cpy_tbl.obj (.text:_copy_in)
                  118015e0    000000a0                 : memcpy64.obj (.text:_memcpy)
                  11801680    00000080                 : boot.obj (.text:_c_int00)
                  11801700    00000060                 : cpp_init.obj (.text:___TI_cpp_init)
                  11801760    00000040                 : args_main.obj (.text:__args_main)
                  118017a0    00000020     StartUp.obj (.text)
                  118017c0    00000020     rts6740.lib : exit.obj (.text:_abort)
                  118017e0    00000020     main.obj (.text)

.stack     0    11801800    00000400     UNINITIALIZED
                  11801800    00000008     rts6740.lib : boot.obj (.stack)
                  11801808    000003f8     --HOLE--

.far       0    11801c00    000000a0     UNINITIALIZED
                  11801c00    00000094     ISRs.obj (.far)
                  11801c94    0000000c     rts6740.lib : exit.obj (.far)

.cinit     0    11801ca0    000000a4     
                  11801ca0    0000005c     ISRs.obj (.cinit)
                  11801cfc    00000004     --HOLE-- [fill = 0]
                  11801d00    0000002c     rts6740.lib : exit.obj (.cinit)
                  11801d2c    00000004     --HOLE-- [fill = 0]
                  11801d30    0000000c     LCDK_Support_DSP.obj (.cinit)
                  11801d3c    00000004     --HOLE-- [fill = 0]
                  11801d40    00000004     (.pad.cinit) [fill = 0]

.switch    0    11801d44    00000018     
                  11801d44    00000018     LCDK_Support_DSP.obj (.switch:_SetSampleRate_AIC3106)

.bss       0    11801d5c    0000000c     UNINITIALIZED
                  11801d5c    00000008     ISRs.obj (.bss)
                  11801d64    00000004     LCDK_Support_DSP.obj (.bss)


GLOBAL SYMBOLS: SORTED ALPHABETICALLY BY Name 

address    name
--------   ----
11801d5c   $bss
11801d5c   .bss
11800200   .text
118017c0   C$$EXIT
118008ec   _AIC3106_write_reg
11800674   _CheckForOverrun
11801c00   _CodecDataIn
11801c04   _CodecDataOut
11800fc0   _Codec_ISR
11800208   _DSP_Init
11800228   _DSP_Init_EDMA
1180040c   _EnableInterrupts
11800458   _EnableInterrupts_EDMA
11800200   _GetSampleFreq
118003a4   _InitDigitalOutputs
11800248   _InitLEDs
118006a4   _Init_AIC3106
118004cc   _Init_I2C
118003c8   _Init_Interrupts
11800448   _Init_Interrupts_EDMA
11800a98   _Init_McASP0
11800e28   _Init_UART2
11800f68   _IsDataReady_UART2
11800f8c   _IsTxReady_UART2
11800f08   _Puts_UART2
1180062c   _ReadCodecData
1180038c   _ReadSwitches
11800f48   _Read_UART2
11800928   _Reset_AIC3106
11800528   _Reset_I2C
11800950   _SetSampleRate_AIC3106
118017a0   _StartUp
11800650   _WriteCodecData
118003b0   _WriteDigitalOutputs
118002a8   _WriteLEDs
11800548   _Write_I2C
11800ee0   _Write_UART2
11801c00   __STACK_END
00000400   __STACK_SIZE
00000001   __TI_args_main
11801700   ___TI_cpp_init
11801c9c   ___TI_enable_exit_profile_output
ffffffff   ___TI_pprof_out_hndl
ffffffff   ___TI_prof_data_size
ffffffff   ___TI_prof_data_start
ffffffff   ___binit__
11801d5c   ___bss__
ffffffff   ___c_args__
11801ca0   ___cinit__
11801d68   ___end__
11801800   ___etext__
ffffffff   ___pinit__
11800200   ___text__
11801760   __args_main
11801300   __auto_init
118013c0   __c6xabi_divu
11801c94   __cleanup_ptr
118013c0   __divu
11801c98   __dtors_ptr
11801800   __stack
118017c0   _abort
11801680   _c_int00
11801540   _copy_in
11801480   _exit
11801c50   _filter_taps
11801d5c   _i
118017e0   _main
118015e0   _memcpy
11801d60   _pLeft
11800498   _wait
11801c08   _xLeft
ffffffff   binit
11801ca0   cinit
11801d68   end
11801800   etext
ffffffff   pinit


GLOBAL SYMBOLS: SORTED BY Symbol Address 

address    name
--------   ----
00000001   __TI_args_main
00000400   __STACK_SIZE
11800200   .text
11800200   _GetSampleFreq
11800200   ___text__
11800208   _DSP_Init
11800228   _DSP_Init_EDMA
11800248   _InitLEDs
118002a8   _WriteLEDs
1180038c   _ReadSwitches
118003a4   _InitDigitalOutputs
118003b0   _WriteDigitalOutputs
118003c8   _Init_Interrupts
1180040c   _EnableInterrupts
11800448   _Init_Interrupts_EDMA
11800458   _EnableInterrupts_EDMA
11800498   _wait
118004cc   _Init_I2C
11800528   _Reset_I2C
11800548   _Write_I2C
1180062c   _ReadCodecData
11800650   _WriteCodecData
11800674   _CheckForOverrun
118006a4   _Init_AIC3106
118008ec   _AIC3106_write_reg
11800928   _Reset_AIC3106
11800950   _SetSampleRate_AIC3106
11800a98   _Init_McASP0
11800e28   _Init_UART2
11800ee0   _Write_UART2
11800f08   _Puts_UART2
11800f48   _Read_UART2
11800f68   _IsDataReady_UART2
11800f8c   _IsTxReady_UART2
11800fc0   _Codec_ISR
11801300   __auto_init
118013c0   __c6xabi_divu
118013c0   __divu
11801480   _exit
11801540   _copy_in
118015e0   _memcpy
11801680   _c_int00
11801700   ___TI_cpp_init
11801760   __args_main
118017a0   _StartUp
118017c0   C$$EXIT
118017c0   _abort
118017e0   _main
11801800   ___etext__
11801800   __stack
11801800   etext
11801c00   _CodecDataIn
11801c00   __STACK_END
11801c04   _CodecDataOut
11801c08   _xLeft
11801c50   _filter_taps
11801c94   __cleanup_ptr
11801c98   __dtors_ptr
11801c9c   ___TI_enable_exit_profile_output
11801ca0   ___cinit__
11801ca0   cinit
11801d5c   $bss
11801d5c   .bss
11801d5c   ___bss__
11801d5c   _i
11801d60   _pLeft
11801d68   ___end__
11801d68   end
ffffffff   ___TI_pprof_out_hndl
ffffffff   ___TI_prof_data_size
ffffffff   ___TI_prof_data_start
ffffffff   ___binit__
ffffffff   ___c_args__
ffffffff   ___pinit__
ffffffff   binit
ffffffff   pinit

[76 symbols]
