******************************************************************************
               TMS320C6x Linker PC v7.4.4                      
******************************************************************************
>> Linked Sun Oct 21 16:04:34 2018

OUTPUT FILE NAME:   <LafayetteTry.out>
ENTRY POINT SYMBOL: "_c_int00"  address: 11806a80


MEMORY CONFIGURATION

         name            origin    length      used     unused   attr    fill
----------------------  --------  ---------  --------  --------  ----  --------
  VECTORS               11800000   00000200  00000200  00000000  RWIX
  DSPRAM                11800200   0003fe00  00007e4a  00037fb6  RWIX
  SHAREDRAM             80000000   00020000  00000000  00020000  RWIX
  SDRAM                 c0000000   08000000  00000000  08000000  RWIX


SECTION ALLOCATION MAP

 output                                  attributes/
section   page    origin      length       input sections
--------  ----  ----------  ----------   ----------------
vectors    0    11800000    00000200     
                  11800000    00000200     vectors.obj (vectors)

.text      0    11800200    00006e00     
                  11800200    00000dc0     LCDK_Support_DSP.obj (.text)
                  11800fc0    000005a0     rts6740.lib : divd.obj (.text:__divd)
                  11801560    00000580                 : _printfi.obj (.text:__getarg_diouxp)
                  11801ae0    00000440                 : _printfi.obj (.text:__printfi)
                  11801f20    00000440                 : _printfi.obj (.text:__setfield)
                  11802360    000003a0                 : fputs.obj (.text:_fputs)
                  11802700    00000320                 : _printfi.obj (.text:__pproc_fge)
                  11802a20    000002c0                 : _printfi.obj (.text:__pproc_fwp)
                  11802ce0    000002c0     ISRs.obj (.text:retain)
                  11802fa0    000002a0     rts6740.lib : _printfi.obj (.text:_ecvt)
                  11803240    000002a0                 : _printfi.obj (.text:_fcvt)
                  118034e0    00000280                 : memory.obj (.text:_free)
                  11803760    00000260                 : imath64.obj (.text:__divull)
                  118039c0    00000260                 : _printfi.obj (.text:__pconv_e)
                  11803c20    00000240                 : _printfi.obj (.text:__pproc_diouxp)
                  11803e60    00000220                 : _printfi.obj (.text:__pproc_str)
                  11804080    00000220                 : fputc.obj (.text:_fputc)
                  118042a0    00000200                 : _printfi.obj (.text:__pconv_g)
                  118044a0    00000200                 : setvbuf.obj (.text:_setvbuf)
                  118046a0    000001c0                 : _printfi.obj (.text:__mcpy)
                  11804860    000001a0                 : imath40.obj (.text:__divul)
                  11804a00    00000180                 : trgdrv.obj (.text:_HOSTrename)
                  11804b80    00000180                 : memory.obj (.text:_malloc)
                  11804d00    00000140                 : _printfi.obj (.text:__pproc_fflags)
                  11804e40    00000140                 : lowlev.obj (.text:_getdevice)
                  11804f80    00000120                 : fclose.obj (.text:__closefile)
                  118050a0    00000120                 : _printfi.obj (.text:__ltostr)
                  118051c0    00000120                 : fseek.obj (.text:_fseek)
                  118052e0    00000100                 : trgdrv.obj (.text:_HOSTlseek)
                  118053e0    00000100                 : _io_perm.obj (.text:__wrt_ok)
                  118054e0    000000e0                 : trgdrv.obj (.text:_HOSTopen)
                  118055c0    000000e0                 : atoi.obj (.text:_atoi)
                  118056a0    000000e0                 : lowlev.obj (.text:_close)
                  11805780    000000e0                 : memset.obj (.text:_memset)
                  11805860    000000e0                 : printf.obj (.text:_printf)
                  11805940    000000c0                 : trgdrv.obj (.text:_HOSTread)
                  11805a00    000000c0                 : trgdrv.obj (.text:_HOSTunlink)
                  11805ac0    000000c0                 : trgdrv.obj (.text:_HOSTwrite)
                  11805b80    000000c0                 : autoinit.obj (.text:__auto_init)
                  11805c40    000000c0                 : _printfi.obj (.text:__div)
                  11805d00    000000c0                 : divu.obj (.text:__divu)
                  11805dc0    000000c0                 : fflush.obj (.text:__doflush)
                  11805e80    000000c0                 : remi.obj (.text:__remi)
                  11805f40    000000c0                 : exit.obj (.text:_exit)
                  11806000    000000c0                 : ltoa.obj (.text:_ltoa)
                  118060c0    000000a0                 : trgdrv.obj (.text:_HOSTclose)
                  11806160    000000a0                 : fopen.obj (.text:__cleanup)
                  11806200    000000a0                 : imath40.obj (.text:__divli)
                  118062a0    000000a0                 : _printfi.obj (.text:__ecpy)
                  11806340    000000a0                 : _printfi.obj (.text:__fcpy)
                  118063e0    000000a0                 : fixdli.obj (.text:__fixdli)
                  11806480    000000a0                 : _printfi.obj (.text:__pconv_f)
                  11806520    000000a0                 : cpy_tbl.obj (.text:_copy_in)
                  118065c0    000000a0                 : lowlev.obj (.text:_finddevice)
                  11806660    000000a0                 : lowlev.obj (.text:_lseek)
                  11806700    000000a0                 : memcpy64.obj (.text:_memcpy)
                  118067a0    000000a0                 : memory.obj (.text:_minsert)
                  11806840    000000a0                 : memory.obj (.text:_mremove)
                  118068e0    000000a0                 : lowlev.obj (.text:_write)
                  11806980    00000080                 : fltlid.obj (.text:__fltlid)
                  11806a00    00000080                 : llshift.obj (.text:__llshl)
                  11806a80    00000080                 : boot.obj (.text:_c_int00)
                  11806b00    00000080                 : trgmsg.obj (.text:_readmsg)
                  11806b80    00000080                 : lowlev.obj (.text:_unlink)
                  11806c00    00000060                 : cpp_init.obj (.text:___TI_cpp_init)
                  11806c60    00000060                 : imath64.obj (.text:__subcull)
                  11806cc0    00000060                 : memccpy.obj (.text:_memccpy)
                  11806d20    00000060                 : trgmsg.obj (.text:_writemsg)
                  11806d80    00000040                 : isinf.obj (.text:___isinf)
                  11806dc0    00000040                 : _printfi.obj (.text:___isnan)
                  11806e00    00000040                 : args_main.obj (.text:__args_main)
                  11806e40    00000040                 : frcmpyd_div.obj (.text:__frcmpyd_div)
                  11806e80    00000040                 : llshift.obj (.text:__llshru)
                  11806ec0    00000040                 : imath40.obj (.text:__remli)
                  11806f00    00000020     StartUp.obj (.text)
                  11806f20    00000020     rts6740.lib : negll.obj (.text:__negll)
                  11806f40    00000020                 : _lock.obj (.text:__nop)
                  11806f60    00000020                 : printf.obj (.text:__outc)
                  11806f80    00000020                 : printf.obj (.text:__outs)
                  11806fa0    00000020                 : exit.obj (.text:_abort)
                  11806fc0    00000020                 : remove.obj (.text:_remove)
                  11806fe0    00000020     main.obj (.text)

.far       0    11807000    00000470     UNINITIALIZED
                  11807000    00000324     rts6740.lib : defs.obj (.far)
                  11807324    00000004                 : fopen.obj (.far)
                  11807328    0000011c                 : lowlev.obj (.far)
                  11807444    0000000c                 : exit.obj (.far)
                  11807450    00000008     ISRs.obj (.far)
                  11807458    00000008     rts6740.lib : _lock.obj (.far)
                  11807460    00000008                 : memory.obj (.far)
                  11807468    00000008                 : trgdrv.obj (.far)

.stack     0    11807470    00000400     UNINITIALIZED
                  11807470    00000008     rts6740.lib : boot.obj (.stack)
                  11807478    000003f8     --HOLE--

.sysmem    0    11807870    00000400     UNINITIALIZED
                  11807870    00000008     rts6740.lib : memory.obj (.sysmem)
                  11807878    000003f8     --HOLE--

.cinit     0    11807c70    00000164     
                  11807c70    0000005c     rts6740.lib : defs.obj (.cinit)
                  11807ccc    00000004     --HOLE-- [fill = 0]
                  11807cd0    0000005c                 : lowlev.obj (.cinit)
                  11807d2c    00000004     --HOLE-- [fill = 0]
                  11807d30    0000002c                 : exit.obj (.cinit)
                  11807d5c    00000004     --HOLE-- [fill = 0]
                  11807d60    0000002c                 : memory.obj (.cinit)
                  11807d8c    00000004     --HOLE-- [fill = 0]
                  11807d90    0000001c                 : _lock.obj (.cinit)
                  11807dac    00000004     --HOLE-- [fill = 0]
                  11807db0    0000000c     LCDK_Support_DSP.obj (.cinit)
                  11807dbc    00000004     --HOLE-- [fill = 0]
                  11807dc0    0000000c     rts6740.lib : fopen.obj (.cinit)
                  11807dcc    00000004     --HOLE-- [fill = 0]
                  11807dd0    00000004     (.pad.cinit) [fill = 0]

.bss       0    11807dd4    00000004     UNINITIALIZED
                  11807dd4    00000004     LCDK_Support_DSP.obj (.bss)

.const     0    11807dd8    0000013a     
                  11807dd8    00000101     rts6740.lib : ctype.obj (.const:.string:__ctypes_)
                  11807ed9    00000023                 : _printfi.obj (.const:.string)
                  11807efc    00000014     ISRs.obj (.const:.string)
                  11807f10    00000002     rts6740.lib : fputs.obj (.const:.string)

.cio       0    11807f18    00000120     UNINITIALIZED
                  11807f18    00000120     rts6740.lib : trgmsg.obj (.cio)

.switch    0    11808038    00000018     
                  11808038    00000018     LCDK_Support_DSP.obj (.switch:_SetSampleRate_AIC3106)


GLOBAL SYMBOLS: SORTED ALPHABETICALLY BY Name 

address    name
--------   ----
11807dd4   $bss
11807dd4   .bss
11800200   .text
11806fa0   C$$EXIT
11806d78   C$$IO$$
118008ec   _AIC3106_write_reg
11800674   _CheckForOverrun
11807450   _CodecDataIn
11807454   _CodecDataOut
11802ce0   _Codec_ISR
11800208   _DSP_Init
11800228   _DSP_Init_EDMA
1180040c   _EnableInterrupts
11800458   _EnableInterrupts_EDMA
11800200   _GetSampleFreq
118060c0   _HOSTclose
118052e0   _HOSTlseek
118054e0   _HOSTopen
11805940   _HOSTread
11804a00   _HOSTrename
11805a00   _HOSTunlink
11805ac0   _HOSTwrite
118003a4   _InitDigitalOutputs
11800248   _InitLEDs
118006a4   _Init_AIC3106
118004cc   _Init_I2C
118003c8   _Init_Interrupts
11800448   _Init_Interrupts_EDMA
11800a98   _Init_McASP0
11800e28   _Init_UART2
11800f68   _IsDataReady_UART2
11800f8c   _IsTxReady_UART2
11800f08   _Puts_UART2
1180062c   _ReadCodecData
1180038c   _ReadSwitches
11800f48   _Read_UART2
11800928   _Reset_AIC3106
11800528   _Reset_I2C
11800950   _SetSampleRate_AIC3106
11806f00   _StartUp
11800650   _WriteCodecData
118003b0   _WriteDigitalOutputs
118002a8   _WriteLEDs
11800548   _Write_I2C
11800ee0   _Write_UART2
11807f18   __CIOBUF_
11807870   __STACK_END
00000400   __STACK_SIZE
00000400   __SYSMEM_SIZE
00000001   __TI_args_main
11806c00   ___TI_cpp_init
1180744c   ___TI_enable_exit_profile_output
ffffffff   ___TI_pprof_out_hndl
ffffffff   ___TI_prof_data_size
ffffffff   ___TI_prof_data_start
ffffffff   ___binit__
11807dd4   ___bss__
ffffffff   ___c_args__
11807c70   ___cinit__
11807dd8   ___end__
11807000   ___etext__
11806d80   ___isinf
ffffffff   ___pinit__
11800200   ___text__
11806e00   __args_main
11805b80   __auto_init
11805d00   __c6xabi_divu
11805e80   __c6xabi_remi
11806160   __cleanup
11807444   __cleanup_ptr
11804f80   __closefile
11807dd8   __ctypes_
11800fc0   __divd
11806200   __divli
11805d00   __divu
11804860   __divul
11803760   __divull
11805dc0   __doflush
11807448   __dtors_ptr
118063e0   __fixdli
11806980   __fltlid
11806e40   __frcmpyd_div
11807320   __ft_end
11807000   __ftable
11806a00   __llshl
11806e80   __llshru
11807458   __lock
11806f20   __negll
11806f40   __nop
11801ae0   __printfi
11805e80   __remi
11806ec0   __remli
11807470   __stack
11806c60   __subcull
11807870   __sys_memory
118071e0   __tmpnams
1180745c   __unlock
118053e0   __wrt_ok
11806fa0   _abort
118055c0   _atoi
11806a80   _c_int00
118056a0   _close
11806520   _copy_in
11805f40   _exit
11804080   _fputc
11802360   _fputs
118034e0   _free
118051c0   _fseek
11806660   _lseek
11806000   _ltoa
11806fe0   _main
11804b80   _malloc
11806cc0   _memccpy
11806700   _memcpy
11805780   _memset
11805860   _printf
11804080   _putc
11806b00   _readmsg
11806fc0   _remove
118044a0   _setvbuf
11806b80   _unlink
11800498   _wait
118068e0   _write
11806d20   _writemsg
ffffffff   binit
11807c70   cinit
11807dd8   end
11807000   etext
ffffffff   pinit


GLOBAL SYMBOLS: SORTED BY Symbol Address 

address    name
--------   ----
00000001   __TI_args_main
00000400   __STACK_SIZE
00000400   __SYSMEM_SIZE
11800200   .text
11800200   _GetSampleFreq
11800200   ___text__
11800208   _DSP_Init
11800228   _DSP_Init_EDMA
11800248   _InitLEDs
118002a8   _WriteLEDs
1180038c   _ReadSwitches
118003a4   _InitDigitalOutputs
118003b0   _WriteDigitalOutputs
118003c8   _Init_Interrupts
1180040c   _EnableInterrupts
11800448   _Init_Interrupts_EDMA
11800458   _EnableInterrupts_EDMA
11800498   _wait
118004cc   _Init_I2C
11800528   _Reset_I2C
11800548   _Write_I2C
1180062c   _ReadCodecData
11800650   _WriteCodecData
11800674   _CheckForOverrun
118006a4   _Init_AIC3106
118008ec   _AIC3106_write_reg
11800928   _Reset_AIC3106
11800950   _SetSampleRate_AIC3106
11800a98   _Init_McASP0
11800e28   _Init_UART2
11800ee0   _Write_UART2
11800f08   _Puts_UART2
11800f48   _Read_UART2
11800f68   _IsDataReady_UART2
11800f8c   _IsTxReady_UART2
11800fc0   __divd
11801ae0   __printfi
11802360   _fputs
11802ce0   _Codec_ISR
118034e0   _free
11803760   __divull
11804080   _fputc
11804080   _putc
118044a0   _setvbuf
11804860   __divul
11804a00   _HOSTrename
11804b80   _malloc
11804f80   __closefile
118051c0   _fseek
118052e0   _HOSTlseek
118053e0   __wrt_ok
118054e0   _HOSTopen
118055c0   _atoi
118056a0   _close
11805780   _memset
11805860   _printf
11805940   _HOSTread
11805a00   _HOSTunlink
11805ac0   _HOSTwrite
11805b80   __auto_init
11805d00   __c6xabi_divu
11805d00   __divu
11805dc0   __doflush
11805e80   __c6xabi_remi
11805e80   __remi
11805f40   _exit
11806000   _ltoa
118060c0   _HOSTclose
11806160   __cleanup
11806200   __divli
118063e0   __fixdli
11806520   _copy_in
11806660   _lseek
11806700   _memcpy
118068e0   _write
11806980   __fltlid
11806a00   __llshl
11806a80   _c_int00
11806b00   _readmsg
11806b80   _unlink
11806c00   ___TI_cpp_init
11806c60   __subcull
11806cc0   _memccpy
11806d20   _writemsg
11806d78   C$$IO$$
11806d80   ___isinf
11806e00   __args_main
11806e40   __frcmpyd_div
11806e80   __llshru
11806ec0   __remli
11806f00   _StartUp
11806f20   __negll
11806f40   __nop
11806fa0   C$$EXIT
11806fa0   _abort
11806fc0   _remove
11806fe0   _main
11807000   ___etext__
11807000   __ftable
11807000   etext
118071e0   __tmpnams
11807320   __ft_end
11807444   __cleanup_ptr
11807448   __dtors_ptr
1180744c   ___TI_enable_exit_profile_output
11807450   _CodecDataIn
11807454   _CodecDataOut
11807458   __lock
1180745c   __unlock
11807470   __stack
11807870   __STACK_END
11807870   __sys_memory
11807c70   ___cinit__
11807c70   cinit
11807dd4   $bss
11807dd4   .bss
11807dd4   ___bss__
11807dd8   ___end__
11807dd8   __ctypes_
11807dd8   end
11807f18   __CIOBUF_
ffffffff   ___TI_pprof_out_hndl
ffffffff   ___TI_prof_data_size
ffffffff   ___TI_prof_data_start
ffffffff   ___binit__
ffffffff   ___c_args__
ffffffff   ___pinit__
ffffffff   binit
ffffffff   pinit

[129 symbols]
